// Jest Snapshot v1, https://goo.gl/fbAQLP

exports[`Landing container Landing component should match the snapshot 1`] = `
ShallowWrapper {
  Symbol(enzyme.__root__): [Circular],
  Symbol(enzyme.__unrendered__): <Landing />,
  Symbol(enzyme.__renderer__): Object {
    "batchedUpdates": [Function],
    "getNode": [Function],
    "render": [Function],
    "simulateError": [Function],
    "simulateEvent": [Function],
    "unmount": [Function],
  },
  Symbol(enzyme.__node__): Object {
    "instance": null,
    "key": undefined,
    "nodeType": "host",
    "props": Object {
      "children": Array [
        <NavLink
          activeClassName="active"
          aria-current="page"
          to="/prints"
>
          <button>
                    PRINTS
          </button>
</NavLink>,
        <NavLink
          activeClassName="active"
          aria-current="page"
          to="/pics"
>
          <button
                    type="submit"
          >
                    PICS
          </button>
</NavLink>,
        <NavLink
          activeClassName="active"
          aria-current="page"
          to="/articles"
>
          <button>
                    ARTICLES
          </button>
</NavLink>,
      ],
      "className": "Landing",
    },
    "ref": null,
    "rendered": Array [
      Object {
        "instance": null,
        "key": undefined,
        "nodeType": "function",
        "props": Object {
          "activeClassName": "active",
          "aria-current": "page",
          "children": <button>
            PRINTS
</button>,
          "to": "/prints",
        },
        "ref": null,
        "rendered": Object {
          "instance": null,
          "key": undefined,
          "nodeType": "host",
          "props": Object {
            "children": "PRINTS",
          },
          "ref": null,
          "rendered": "PRINTS",
          "type": "button",
        },
        "type": [Function],
      },
      Object {
        "instance": null,
        "key": undefined,
        "nodeType": "function",
        "props": Object {
          "activeClassName": "active",
          "aria-current": "page",
          "children": <button
            type="submit"
>
            PICS
</button>,
          "to": "/pics",
        },
        "ref": null,
        "rendered": Object {
          "instance": null,
          "key": undefined,
          "nodeType": "host",
          "props": Object {
            "children": "PICS",
            "type": "submit",
          },
          "ref": null,
          "rendered": "PICS",
          "type": "button",
        },
        "type": [Function],
      },
      Object {
        "instance": null,
        "key": undefined,
        "nodeType": "function",
        "props": Object {
          "activeClassName": "active",
          "aria-current": "page",
          "children": <button>
            ARTICLES
</button>,
          "to": "/articles",
        },
        "ref": null,
        "rendered": Object {
          "instance": null,
          "key": undefined,
          "nodeType": "host",
          "props": Object {
            "children": "ARTICLES",
          },
          "ref": null,
          "rendered": "ARTICLES",
          "type": "button",
        },
        "type": [Function],
      },
    ],
    "type": "div",
  },
  Symbol(enzyme.__nodes__): Array [
    Object {
      "instance": null,
      "key": undefined,
      "nodeType": "host",
      "props": Object {
        "children": Array [
          <NavLink
            activeClassName="active"
            aria-current="page"
            to="/prints"
>
            <button>
                        PRINTS
            </button>
</NavLink>,
          <NavLink
            activeClassName="active"
            aria-current="page"
            to="/pics"
>
            <button
                        type="submit"
            >
                        PICS
            </button>
</NavLink>,
          <NavLink
            activeClassName="active"
            aria-current="page"
            to="/articles"
>
            <button>
                        ARTICLES
            </button>
</NavLink>,
        ],
        "className": "Landing",
      },
      "ref": null,
      "rendered": Array [
        Object {
          "instance": null,
          "key": undefined,
          "nodeType": "function",
          "props": Object {
            "activeClassName": "active",
            "aria-current": "page",
            "children": <button>
              PRINTS
</button>,
            "to": "/prints",
          },
          "ref": null,
          "rendered": Object {
            "instance": null,
            "key": undefined,
            "nodeType": "host",
            "props": Object {
              "children": "PRINTS",
            },
            "ref": null,
            "rendered": "PRINTS",
            "type": "button",
          },
          "type": [Function],
        },
        Object {
          "instance": null,
          "key": undefined,
          "nodeType": "function",
          "props": Object {
            "activeClassName": "active",
            "aria-current": "page",
            "children": <button
              type="submit"
>
              PICS
</button>,
            "to": "/pics",
          },
          "ref": null,
          "rendered": Object {
            "instance": null,
            "key": undefined,
            "nodeType": "host",
            "props": Object {
              "children": "PICS",
              "type": "submit",
            },
            "ref": null,
            "rendered": "PICS",
            "type": "button",
          },
          "type": [Function],
        },
        Object {
          "instance": null,
          "key": undefined,
          "nodeType": "function",
          "props": Object {
            "activeClassName": "active",
            "aria-current": "page",
            "children": <button>
              ARTICLES
</button>,
            "to": "/articles",
          },
          "ref": null,
          "rendered": Object {
            "instance": null,
            "key": undefined,
            "nodeType": "host",
            "props": Object {
              "children": "ARTICLES",
            },
            "ref": null,
            "rendered": "ARTICLES",
            "type": "button",
          },
          "type": [Function],
        },
      ],
      "type": "div",
    },
  ],
  Symbol(enzyme.__options__): Object {
    "adapter": ReactSixteenAdapter {
      "options": Object {
        "enableComponentDidUpdateOnSetState": true,
        "lifecycles": Object {
          "componentDidUpdate": Object {
            "onSetState": true,
          },
          "getDerivedStateFromProps": true,
          "getSnapshotBeforeUpdate": true,
          "setState": Object {
            "skipsComponentDidUpdateOnNullish": true,
          },
        },
      },
    },
    "attachTo": undefined,
    "hydrateIn": undefined,
  },
}
`;
