// Jest Snapshot v1, https://goo.gl/fbAQLP

exports[`Prints should match the snapshot 1`] = `
ShallowWrapper {
  Symbol(enzyme.__root__): [Circular],
  Symbol(enzyme.__unrendered__): <Unknown />,
  Symbol(enzyme.__renderer__): Object {
    "batchedUpdates": [Function],
    "getNode": [Function],
    "render": [Function],
    "simulateError": [Function],
    "simulateEvent": [Function],
    "unmount": [Function],
  },
  Symbol(enzyme.__node__): Object {
    "instance": null,
    "key": undefined,
    "nodeType": "host",
    "props": Object {
      "children": Array [
        <article>
          <NavLink
                    activeClassName="active"
                    aria-current="page"
                    to="/posters"
          >
                    Posters
          </NavLink>
</article>,
        <article>
          <NavLink
                    activeClassName="active"
                    aria-current="page"
                    to="/postcards"
          >
                    Post Cards
          </NavLink>
</article>,
        <article>
          <NavLink
                    activeClassName="active"
                    aria-current="page"
                    to="/giftcards"
          >
                    Gift Cards
          </NavLink>
</article>,
        <article>
          <NavLink
                    activeClassName="active"
                    aria-current="page"
                    to="/stickers"
          >
                    Stickers
          </NavLink>
</article>,
      ],
      "className": "Prints",
    },
    "ref": null,
    "rendered": Array [
      Object {
        "instance": null,
        "key": undefined,
        "nodeType": "host",
        "props": Object {
          "children": <NavLink
            activeClassName="active"
            aria-current="page"
            to="/posters"
>
            Posters
</NavLink>,
        },
        "ref": null,
        "rendered": Object {
          "instance": null,
          "key": undefined,
          "nodeType": "function",
          "props": Object {
            "activeClassName": "active",
            "aria-current": "page",
            "children": "Posters",
            "to": "/posters",
          },
          "ref": null,
          "rendered": "Posters",
          "type": [Function],
        },
        "type": "article",
      },
      Object {
        "instance": null,
        "key": undefined,
        "nodeType": "host",
        "props": Object {
          "children": <NavLink
            activeClassName="active"
            aria-current="page"
            to="/postcards"
>
            Post Cards
</NavLink>,
        },
        "ref": null,
        "rendered": Object {
          "instance": null,
          "key": undefined,
          "nodeType": "function",
          "props": Object {
            "activeClassName": "active",
            "aria-current": "page",
            "children": "Post Cards",
            "to": "/postcards",
          },
          "ref": null,
          "rendered": "Post Cards",
          "type": [Function],
        },
        "type": "article",
      },
      Object {
        "instance": null,
        "key": undefined,
        "nodeType": "host",
        "props": Object {
          "children": <NavLink
            activeClassName="active"
            aria-current="page"
            to="/giftcards"
>
            Gift Cards
</NavLink>,
        },
        "ref": null,
        "rendered": Object {
          "instance": null,
          "key": undefined,
          "nodeType": "function",
          "props": Object {
            "activeClassName": "active",
            "aria-current": "page",
            "children": "Gift Cards",
            "to": "/giftcards",
          },
          "ref": null,
          "rendered": "Gift Cards",
          "type": [Function],
        },
        "type": "article",
      },
      Object {
        "instance": null,
        "key": undefined,
        "nodeType": "host",
        "props": Object {
          "children": <NavLink
            activeClassName="active"
            aria-current="page"
            to="/stickers"
>
            Stickers
</NavLink>,
        },
        "ref": null,
        "rendered": Object {
          "instance": null,
          "key": undefined,
          "nodeType": "function",
          "props": Object {
            "activeClassName": "active",
            "aria-current": "page",
            "children": "Stickers",
            "to": "/stickers",
          },
          "ref": null,
          "rendered": "Stickers",
          "type": [Function],
        },
        "type": "article",
      },
    ],
    "type": "div",
  },
  Symbol(enzyme.__nodes__): Array [
    Object {
      "instance": null,
      "key": undefined,
      "nodeType": "host",
      "props": Object {
        "children": Array [
          <article>
            <NavLink
                        activeClassName="active"
                        aria-current="page"
                        to="/posters"
            >
                        Posters
            </NavLink>
</article>,
          <article>
            <NavLink
                        activeClassName="active"
                        aria-current="page"
                        to="/postcards"
            >
                        Post Cards
            </NavLink>
</article>,
          <article>
            <NavLink
                        activeClassName="active"
                        aria-current="page"
                        to="/giftcards"
            >
                        Gift Cards
            </NavLink>
</article>,
          <article>
            <NavLink
                        activeClassName="active"
                        aria-current="page"
                        to="/stickers"
            >
                        Stickers
            </NavLink>
</article>,
        ],
        "className": "Prints",
      },
      "ref": null,
      "rendered": Array [
        Object {
          "instance": null,
          "key": undefined,
          "nodeType": "host",
          "props": Object {
            "children": <NavLink
              activeClassName="active"
              aria-current="page"
              to="/posters"
>
              Posters
</NavLink>,
          },
          "ref": null,
          "rendered": Object {
            "instance": null,
            "key": undefined,
            "nodeType": "function",
            "props": Object {
              "activeClassName": "active",
              "aria-current": "page",
              "children": "Posters",
              "to": "/posters",
            },
            "ref": null,
            "rendered": "Posters",
            "type": [Function],
          },
          "type": "article",
        },
        Object {
          "instance": null,
          "key": undefined,
          "nodeType": "host",
          "props": Object {
            "children": <NavLink
              activeClassName="active"
              aria-current="page"
              to="/postcards"
>
              Post Cards
</NavLink>,
          },
          "ref": null,
          "rendered": Object {
            "instance": null,
            "key": undefined,
            "nodeType": "function",
            "props": Object {
              "activeClassName": "active",
              "aria-current": "page",
              "children": "Post Cards",
              "to": "/postcards",
            },
            "ref": null,
            "rendered": "Post Cards",
            "type": [Function],
          },
          "type": "article",
        },
        Object {
          "instance": null,
          "key": undefined,
          "nodeType": "host",
          "props": Object {
            "children": <NavLink
              activeClassName="active"
              aria-current="page"
              to="/giftcards"
>
              Gift Cards
</NavLink>,
          },
          "ref": null,
          "rendered": Object {
            "instance": null,
            "key": undefined,
            "nodeType": "function",
            "props": Object {
              "activeClassName": "active",
              "aria-current": "page",
              "children": "Gift Cards",
              "to": "/giftcards",
            },
            "ref": null,
            "rendered": "Gift Cards",
            "type": [Function],
          },
          "type": "article",
        },
        Object {
          "instance": null,
          "key": undefined,
          "nodeType": "host",
          "props": Object {
            "children": <NavLink
              activeClassName="active"
              aria-current="page"
              to="/stickers"
>
              Stickers
</NavLink>,
          },
          "ref": null,
          "rendered": Object {
            "instance": null,
            "key": undefined,
            "nodeType": "function",
            "props": Object {
              "activeClassName": "active",
              "aria-current": "page",
              "children": "Stickers",
              "to": "/stickers",
            },
            "ref": null,
            "rendered": "Stickers",
            "type": [Function],
          },
          "type": "article",
        },
      ],
      "type": "div",
    },
  ],
  Symbol(enzyme.__options__): Object {
    "adapter": ReactSixteenAdapter {
      "options": Object {
        "enableComponentDidUpdateOnSetState": true,
        "lifecycles": Object {
          "componentDidUpdate": Object {
            "onSetState": true,
          },
          "getDerivedStateFromProps": true,
          "getSnapshotBeforeUpdate": true,
          "setState": Object {
            "skipsComponentDidUpdateOnNullish": true,
          },
        },
      },
    },
    "attachTo": undefined,
    "hydrateIn": undefined,
  },
}
`;
