// Jest Snapshot v1, https://goo.gl/fbAQLP

exports[`Posters container Posters component should match the snapshot 1`] = `
ShallowWrapper {
  Symbol(enzyme.__root__): [Circular],
  Symbol(enzyme.__unrendered__): <Posters />,
  Symbol(enzyme.__renderer__): Object {
    "batchedUpdates": [Function],
    "getNode": [Function],
    "render": [Function],
    "simulateError": [Function],
    "simulateEvent": [Function],
    "unmount": [Function],
  },
  Symbol(enzyme.__node__): Object {
    "instance": null,
    "key": undefined,
    "nodeType": "host",
    "props": Object {
      "children": <div
        className="DebunksContainer"
>
        <div
                className="TemplateContainer"
        >
                <div
                        className="Posters"
                >
                        <h1
                                className="Joke"
                        >
                                YOU'RE CRAZY!!!
                        </h1>
                        <img
                                alt=""
                                className="current-pic"
                                src=""
                        />
                        <h3>
                                ...if you think that the Earth is ROUND!??!
                        </h3>
                </div>
                <button
                        className="toggle-display"
                        onClick={[Function]}
                >
                        Show Debunked Images
                </button>
                <button
                        className="change-text"
                        onClick={[Function]}
                >
                        Change Text
                </button>
                <button
                        className="print-out"
                        onClick={[Function]}
                >
                        PRINT
                </button>
        </div>
        <div
                className="sure"
        />
</div>,
    },
    "ref": null,
    "rendered": Object {
      "instance": null,
      "key": undefined,
      "nodeType": "host",
      "props": Object {
        "children": Array [
          <div
            className="TemplateContainer"
>
            <div
                        className="Posters"
            >
                        <h1
                                    className="Joke"
                        >
                                    YOU'RE CRAZY!!!
                        </h1>
                        <img
                                    alt=""
                                    className="current-pic"
                                    src=""
                        />
                        <h3>
                                    ...if you think that the Earth is ROUND!??!
                        </h3>
            </div>
            <button
                        className="toggle-display"
                        onClick={[Function]}
            >
                        Show Debunked Images
            </button>
            <button
                        className="change-text"
                        onClick={[Function]}
            >
                        Change Text
            </button>
            <button
                        className="print-out"
                        onClick={[Function]}
            >
                        PRINT
            </button>
</div>,
          <div
            className="sure"
/>,
        ],
        "className": "DebunksContainer",
      },
      "ref": null,
      "rendered": Array [
        Object {
          "instance": null,
          "key": undefined,
          "nodeType": "host",
          "props": Object {
            "children": Array [
              <div
                className="Posters"
>
                <h1
                                className="Joke"
                >
                                YOU'RE CRAZY!!!
                </h1>
                <img
                                alt=""
                                className="current-pic"
                                src=""
                />
                <h3>
                                ...if you think that the Earth is ROUND!??!
                </h3>
</div>,
              <button
                className="toggle-display"
                onClick={[Function]}
>
                Show Debunked Images
</button>,
              <button
                className="change-text"
                onClick={[Function]}
>
                Change Text
</button>,
              <button
                className="print-out"
                onClick={[Function]}
>
                PRINT
</button>,
            ],
            "className": "TemplateContainer",
          },
          "ref": null,
          "rendered": Array [
            Object {
              "instance": null,
              "key": undefined,
              "nodeType": "host",
              "props": Object {
                "children": Array [
                  <h1
                    className="Joke"
>
                    YOU'RE CRAZY!!!
</h1>,
                  <img
                    alt=""
                    className="current-pic"
                    src=""
/>,
                  <h3>
                    ...if you think that the Earth is ROUND!??!
</h3>,
                ],
                "className": "Posters",
              },
              "ref": null,
              "rendered": Array [
                Object {
                  "instance": null,
                  "key": undefined,
                  "nodeType": "host",
                  "props": Object {
                    "children": "YOU'RE CRAZY!!!",
                    "className": "Joke",
                  },
                  "ref": null,
                  "rendered": "YOU'RE CRAZY!!!",
                  "type": "h1",
                },
                Object {
                  "instance": null,
                  "key": undefined,
                  "nodeType": "host",
                  "props": Object {
                    "alt": "",
                    "className": "current-pic",
                    "src": "",
                  },
                  "ref": null,
                  "rendered": null,
                  "type": "img",
                },
                Object {
                  "instance": null,
                  "key": undefined,
                  "nodeType": "host",
                  "props": Object {
                    "children": "...if you think that the Earth is ROUND!??!",
                  },
                  "ref": null,
                  "rendered": "...if you think that the Earth is ROUND!??!",
                  "type": "h3",
                },
              ],
              "type": "div",
            },
            Object {
              "instance": null,
              "key": undefined,
              "nodeType": "host",
              "props": Object {
                "children": "Show Debunked Images",
                "className": "toggle-display",
                "onClick": [Function],
              },
              "ref": null,
              "rendered": "Show Debunked Images",
              "type": "button",
            },
            Object {
              "instance": null,
              "key": undefined,
              "nodeType": "host",
              "props": Object {
                "children": "Change Text",
                "className": "change-text",
                "onClick": [Function],
              },
              "ref": null,
              "rendered": "Change Text",
              "type": "button",
            },
            Object {
              "instance": null,
              "key": undefined,
              "nodeType": "host",
              "props": Object {
                "children": "PRINT",
                "className": "print-out",
                "onClick": [Function],
              },
              "ref": null,
              "rendered": "PRINT",
              "type": "button",
            },
          ],
          "type": "div",
        },
        Object {
          "instance": null,
          "key": undefined,
          "nodeType": "host",
          "props": Object {
            "className": "sure",
          },
          "ref": null,
          "rendered": null,
          "type": "div",
        },
      ],
      "type": "div",
    },
    "type": "div",
  },
  Symbol(enzyme.__nodes__): Array [
    Object {
      "instance": null,
      "key": undefined,
      "nodeType": "host",
      "props": Object {
        "children": <div
          className="DebunksContainer"
>
          <div
                    className="TemplateContainer"
          >
                    <div
                              className="Posters"
                    >
                              <h1
                                        className="Joke"
                              >
                                        YOU'RE CRAZY!!!
                              </h1>
                              <img
                                        alt=""
                                        className="current-pic"
                                        src=""
                              />
                              <h3>
                                        ...if you think that the Earth is ROUND!??!
                              </h3>
                    </div>
                    <button
                              className="toggle-display"
                              onClick={[Function]}
                    >
                              Show Debunked Images
                    </button>
                    <button
                              className="change-text"
                              onClick={[Function]}
                    >
                              Change Text
                    </button>
                    <button
                              className="print-out"
                              onClick={[Function]}
                    >
                              PRINT
                    </button>
          </div>
          <div
                    className="sure"
          />
</div>,
      },
      "ref": null,
      "rendered": Object {
        "instance": null,
        "key": undefined,
        "nodeType": "host",
        "props": Object {
          "children": Array [
            <div
              className="TemplateContainer"
>
              <div
                            className="Posters"
              >
                            <h1
                                          className="Joke"
                            >
                                          YOU'RE CRAZY!!!
                            </h1>
                            <img
                                          alt=""
                                          className="current-pic"
                                          src=""
                            />
                            <h3>
                                          ...if you think that the Earth is ROUND!??!
                            </h3>
              </div>
              <button
                            className="toggle-display"
                            onClick={[Function]}
              >
                            Show Debunked Images
              </button>
              <button
                            className="change-text"
                            onClick={[Function]}
              >
                            Change Text
              </button>
              <button
                            className="print-out"
                            onClick={[Function]}
              >
                            PRINT
              </button>
</div>,
            <div
              className="sure"
/>,
          ],
          "className": "DebunksContainer",
        },
        "ref": null,
        "rendered": Array [
          Object {
            "instance": null,
            "key": undefined,
            "nodeType": "host",
            "props": Object {
              "children": Array [
                <div
                  className="Posters"
>
                  <h1
                                    className="Joke"
                  >
                                    YOU'RE CRAZY!!!
                  </h1>
                  <img
                                    alt=""
                                    className="current-pic"
                                    src=""
                  />
                  <h3>
                                    ...if you think that the Earth is ROUND!??!
                  </h3>
</div>,
                <button
                  className="toggle-display"
                  onClick={[Function]}
>
                  Show Debunked Images
</button>,
                <button
                  className="change-text"
                  onClick={[Function]}
>
                  Change Text
</button>,
                <button
                  className="print-out"
                  onClick={[Function]}
>
                  PRINT
</button>,
              ],
              "className": "TemplateContainer",
            },
            "ref": null,
            "rendered": Array [
              Object {
                "instance": null,
                "key": undefined,
                "nodeType": "host",
                "props": Object {
                  "children": Array [
                    <h1
                      className="Joke"
>
                      YOU'RE CRAZY!!!
</h1>,
                    <img
                      alt=""
                      className="current-pic"
                      src=""
/>,
                    <h3>
                      ...if you think that the Earth is ROUND!??!
</h3>,
                  ],
                  "className": "Posters",
                },
                "ref": null,
                "rendered": Array [
                  Object {
                    "instance": null,
                    "key": undefined,
                    "nodeType": "host",
                    "props": Object {
                      "children": "YOU'RE CRAZY!!!",
                      "className": "Joke",
                    },
                    "ref": null,
                    "rendered": "YOU'RE CRAZY!!!",
                    "type": "h1",
                  },
                  Object {
                    "instance": null,
                    "key": undefined,
                    "nodeType": "host",
                    "props": Object {
                      "alt": "",
                      "className": "current-pic",
                      "src": "",
                    },
                    "ref": null,
                    "rendered": null,
                    "type": "img",
                  },
                  Object {
                    "instance": null,
                    "key": undefined,
                    "nodeType": "host",
                    "props": Object {
                      "children": "...if you think that the Earth is ROUND!??!",
                    },
                    "ref": null,
                    "rendered": "...if you think that the Earth is ROUND!??!",
                    "type": "h3",
                  },
                ],
                "type": "div",
              },
              Object {
                "instance": null,
                "key": undefined,
                "nodeType": "host",
                "props": Object {
                  "children": "Show Debunked Images",
                  "className": "toggle-display",
                  "onClick": [Function],
                },
                "ref": null,
                "rendered": "Show Debunked Images",
                "type": "button",
              },
              Object {
                "instance": null,
                "key": undefined,
                "nodeType": "host",
                "props": Object {
                  "children": "Change Text",
                  "className": "change-text",
                  "onClick": [Function],
                },
                "ref": null,
                "rendered": "Change Text",
                "type": "button",
              },
              Object {
                "instance": null,
                "key": undefined,
                "nodeType": "host",
                "props": Object {
                  "children": "PRINT",
                  "className": "print-out",
                  "onClick": [Function],
                },
                "ref": null,
                "rendered": "PRINT",
                "type": "button",
              },
            ],
            "type": "div",
          },
          Object {
            "instance": null,
            "key": undefined,
            "nodeType": "host",
            "props": Object {
              "className": "sure",
            },
            "ref": null,
            "rendered": null,
            "type": "div",
          },
        ],
        "type": "div",
      },
      "type": "div",
    },
  ],
  Symbol(enzyme.__options__): Object {
    "adapter": ReactSixteenAdapter {
      "options": Object {
        "enableComponentDidUpdateOnSetState": true,
        "lifecycles": Object {
          "componentDidUpdate": Object {
            "onSetState": true,
          },
          "getDerivedStateFromProps": true,
          "getSnapshotBeforeUpdate": true,
          "setState": Object {
            "skipsComponentDidUpdateOnNullish": true,
          },
        },
      },
    },
    "attachTo": undefined,
    "hydrateIn": undefined,
  },
}
`;
