// Jest Snapshot v1, https://goo.gl/fbAQLP

exports[`Debunks container Debunks component should match the snapshot 1`] = `undefined`;
