// Jest Snapshot v1, https://goo.gl/fbAQLP

exports[`Pics container Pics component should match the snapshot 1`] = `undefined`;
